┌─────────────────────┬────────────────────────────────────────────────────────┐
│ high                │ glob CLI: Command injection via -c/--cmd executes      │
│                     │ matches with shell:true                                │
├─────────────────────┼────────────────────────────────────────────────────────┤
│ Package             │ glob                                                   │
├─────────────────────┼────────────────────────────────────────────────────────┤
│ Vulnerable versions │ >=10.2.0 <10.5.0                                       │
├─────────────────────┼────────────────────────────────────────────────────────┤
│ Patched versions    │ >=10.5.0                                               │
├─────────────────────┼────────────────────────────────────────────────────────┤
│ Paths               │ .>@nestjs/cli>glob                                     │
├─────────────────────┼────────────────────────────────────────────────────────┤
│ More info           │ https://github.com/advisories/GHSA-5j98-mcp5-4vw2      │
└─────────────────────┴────────────────────────────────────────────────────────┘
┌─────────────────────┬────────────────────────────────────────────────────────┐
│ high                │ Race Condition in node-tar Path Reservations via       │
│                     │ Unicode Ligature Collisions on macOS APFS              │
├─────────────────────┼────────────────────────────────────────────────────────┤
│ Package             │ tar                                                    │
├─────────────────────┼────────────────────────────────────────────────────────┤
│ Vulnerable versions │ <=7.5.3                                                │
├─────────────────────┼────────────────────────────────────────────────────────┤
│ Patched versions    │ >=7.5.4                                                │
├─────────────────────┼────────────────────────────────────────────────────────┤
│ Paths               │ .>bcrypt>@mapbox/node-pre-gyp>tar                      │
├─────────────────────┼────────────────────────────────────────────────────────┤
│ More info           │ https://github.com/advisories/GHSA-r6q2-hw4h-h46w      │
└─────────────────────┴────────────────────────────────────────────────────────┘
┌─────────────────────┬────────────────────────────────────────────────────────┐
│ high                │ node-tar Vulnerable to Arbitrary File                  │
│                     │ Creation/Overwrite via Hardlink Path Traversal         │
├─────────────────────┼────────────────────────────────────────────────────────┤
│ Package             │ tar                                                    │
├─────────────────────┼────────────────────────────────────────────────────────┤
│ Vulnerable versions │ <7.5.7                                                 │
├─────────────────────┼────────────────────────────────────────────────────────┤
│ Patched versions    │ >=7.5.7                                                │
├─────────────────────┼────────────────────────────────────────────────────────┤
│ Paths               │ .>bcrypt>@mapbox/node-pre-gyp>tar                      │
├─────────────────────┼────────────────────────────────────────────────────────┤
│ More info           │ https://github.com/advisories/GHSA-34x7-hfp2-rc4v      │
└─────────────────────┴────────────────────────────────────────────────────────┘
┌─────────────────────┬────────────────────────────────────────────────────────┐
│ high                │ Axios is Vulnerable to Denial of Service via __proto__ │
│                     │ Key in mergeConfig                                     │
├─────────────────────┼────────────────────────────────────────────────────────┤
│ Package             │ axios                                                  │
├─────────────────────┼────────────────────────────────────────────────────────┤
│ Vulnerable versions │ >=1.0.0 <=1.13.4                                       │
├─────────────────────┼────────────────────────────────────────────────────────┤
│ Patched versions    │ >=1.13.5                                               │
├─────────────────────┼────────────────────────────────────────────────────────┤
│ Paths               │ .>axios                                                │
├─────────────────────┼────────────────────────────────────────────────────────┤
│ More info           │ https://github.com/advisories/GHSA-43fc-jf86-j433      │
└─────────────────────┴────────────────────────────────────────────────────────┘
┌─────────────────────┬────────────────────────────────────────────────────────┐
│ high                │ node-tar is Vulnerable to Arbitrary File Overwrite and │
│                     │ Symlink Poisoning via Insufficient Path Sanitization   │
├─────────────────────┼────────────────────────────────────────────────────────┤
│ Package             │ tar                                                    │
├─────────────────────┼────────────────────────────────────────────────────────┤
│ Vulnerable versions │ <=7.5.2                                                │
├─────────────────────┼────────────────────────────────────────────────────────┤
│ Patched versions    │ >=7.5.3                                                │
├─────────────────────┼────────────────────────────────────────────────────────┤
│ Paths               │ .>bcrypt>@mapbox/node-pre-gyp>tar                      │
├─────────────────────┼────────────────────────────────────────────────────────┤
│ More info           │ https://github.com/advisories/GHSA-8qq5-rm4j-mr97      │
└─────────────────────┴────────────────────────────────────────────────────────┘
┌─────────────────────┬────────────────────────────────────────────────────────┐
│ high                │ minimatch has a ReDoS via repeated wildcards with      │
│                     │ non-matching literal in pattern                        │
├─────────────────────┼────────────────────────────────────────────────────────┤
│ Package             │ minimatch                                              │
├─────────────────────┼────────────────────────────────────────────────────────┤
│ Vulnerable versions │ <10.2.1                                                │
├─────────────────────┼────────────────────────────────────────────────────────┤
│ Patched versions    │ >=10.2.1                                               │
├─────────────────────┼────────────────────────────────────────────────────────┤
│ Paths               │ .>@nestjs/cli>fork-ts-checker-webpack-plugin>minimatch │
│                     │                                                        │
│                     │ .>@nestjs/cli>glob>minimatch                           │
│                     │                                                        │
│                     │ .>@typescript-eslint/eslint-plugin>@typescript-eslint/ │
│                     │ type-utils>@typescript-eslint/typescript-              │
│                     │ estree>minimatch                                       │
├─────────────────────┼────────────────────────────────────────────────────────┤
│ More info           │ https://github.com/advisories/GHSA-3ppc-4f35-3m26      │
└─────────────────────┴────────────────────────────────────────────────────────┘
┌─────────────────────┬────────────────────────────────────────────────────────┐
│ high                │ Arbitrary File Read/Write via Hardlink Target Escape   │
│                     │ Through Symlink Chain in node-tar Extraction           │
├─────────────────────┼────────────────────────────────────────────────────────┤
│ Package             │ tar                                                    │
├─────────────────────┼────────────────────────────────────────────────────────┤
│ Vulnerable versions │ <7.5.8                                                 │
├─────────────────────┼────────────────────────────────────────────────────────┤
│ Patched versions    │ >=7.5.8                                                │
├─────────────────────┼────────────────────────────────────────────────────────┤
│ Paths               │ .>bcrypt>@mapbox/node-pre-gyp>tar                      │
├─────────────────────┼────────────────────────────────────────────────────────┤
│ More info           │ https://github.com/advisories/GHSA-83g3-92jg-28cx      │
└─────────────────────┴────────────────────────────────────────────────────────┘
┌─────────────────────┬────────────────────────────────────────────────────────┐
│ moderate            │ Lodash has Prototype Pollution Vulnerability in        │
│                     │ `_.unset` and `_.omit` functions                       │
├─────────────────────┼────────────────────────────────────────────────────────┤
│ Package             │ lodash                                                 │
├─────────────────────┼────────────────────────────────────────────────────────┤
│ Vulnerable versions │ >=4.0.0 <=4.17.22                                      │
├─────────────────────┼────────────────────────────────────────────────────────┤
│ Patched versions    │ >=4.17.23                                              │
├─────────────────────┼────────────────────────────────────────────────────────┤
│ Paths               │ .>@nestjs/config>lodash                                │
├─────────────────────┼────────────────────────────────────────────────────────┤
│ More info           │ https://github.com/advisories/GHSA-xxjr-mmjv-4gpg      │
└─────────────────────┴────────────────────────────────────────────────────────┘
┌─────────────────────┬────────────────────────────────────────────────────────┐
│ moderate            │ js-yaml has prototype pollution in merge (<<)          │
├─────────────────────┼────────────────────────────────────────────────────────┤
│ Package             │ js-yaml                                                │
├─────────────────────┼────────────────────────────────────────────────────────┤
│ Vulnerable versions │ >=4.0.0 <4.1.1                                         │
├─────────────────────┼────────────────────────────────────────────────────────┤
│ Patched versions    │ >=4.1.1                                                │
├─────────────────────┼────────────────────────────────────────────────────────┤
│ Paths               │ .>@nestjs/swagger>js-yaml                              │
├─────────────────────┼────────────────────────────────────────────────────────┤
│ More info           │ https://github.com/advisories/GHSA-mh29-5h37-fv8m      │
└─────────────────────┴────────────────────────────────────────────────────────┘
┌─────────────────────┬────────────────────────────────────────────────────────┐
│ moderate            │ ajv has ReDoS when using `$data` option                │
├─────────────────────┼────────────────────────────────────────────────────────┤
│ Package             │ ajv                                                    │
├─────────────────────┼────────────────────────────────────────────────────────┤
│ Vulnerable versions │ <6.14.0                                                │
├─────────────────────┼────────────────────────────────────────────────────────┤
│ Patched versions    │ >=6.14.0                                               │
├─────────────────────┼────────────────────────────────────────────────────────┤
│ Paths               │ .>@nestjs/cli>fork-ts-checker-webpack-plugin>schema-   │
│                     │ utils>ajv                                              │
├─────────────────────┼────────────────────────────────────────────────────────┤
│ More info           │ https://github.com/advisories/GHSA-2g4f-4pwh-qvx6      │
└─────────────────────┴────────────────────────────────────────────────────────┘
┌─────────────────────┬────────────────────────────────────────────────────────┐
│ moderate            │ ajv has ReDoS when using `$data` option                │
├─────────────────────┼────────────────────────────────────────────────────────┤
│ Package             │ ajv                                                    │
├─────────────────────┼────────────────────────────────────────────────────────┤
│ Vulnerable versions │ >=7.0.0-alpha.0 <8.18.0                                │
├─────────────────────┼────────────────────────────────────────────────────────┤
│ Patched versions    │ >=8.18.0                                               │
├─────────────────────┼────────────────────────────────────────────────────────┤
│ Paths               │ .>@nestjs/cli>@angular-devkit/core>ajv                 │
│                     │                                                        │
│                     │ .>@nestjs/cli>webpack>terser-webpack-plugin>schema-    │
│                     │ utils>ajv                                              │
├─────────────────────┼────────────────────────────────────────────────────────┤
│ More info           │ https://github.com/advisories/GHSA-2g4f-4pwh-qvx6      │
└─────────────────────┴────────────────────────────────────────────────────────┘
┌─────────────────────┬────────────────────────────────────────────────────────┐
│ low                 │ cookie accepts cookie name, path, and domain with out  │
│                     │ of bounds characters                                   │
├─────────────────────┼────────────────────────────────────────────────────────┤
│ Package             │ cookie                                                 │
├─────────────────────┼────────────────────────────────────────────────────────┤
│ Vulnerable versions │ <0.7.0                                                 │
├─────────────────────┼────────────────────────────────────────────────────────┤
│ Patched versions    │ >=0.7.0                                                │
├─────────────────────┼────────────────────────────────────────────────────────┤
│ Paths               │ .>csurf>cookie                                         │
├─────────────────────┼────────────────────────────────────────────────────────┤
│ More info           │ https://github.com/advisories/GHSA-pxg6-pf52-xh8x      │
└─────────────────────┴────────────────────────────────────────────────────────┘
┌─────────────────────┬────────────────────────────────────────────────────────┐
│ low                 │ tmp allows arbitrary temporary file / directory write  │
│                     │ via symbolic link `dir` parameter                      │
├─────────────────────┼────────────────────────────────────────────────────────┤
│ Package             │ tmp                                                    │
├─────────────────────┼────────────────────────────────────────────────────────┤
│ Vulnerable versions │ <=0.2.3                                                │
├─────────────────────┼────────────────────────────────────────────────────────┤
│ Patched versions    │ >=0.2.4                                                │
├─────────────────────┼────────────────────────────────────────────────────────┤
│ Paths               │ .>@nestjs/cli>@angular-devkit/schematics-              │
│                     │ cli>inquirer>external-editor>tmp                       │
├─────────────────────┼────────────────────────────────────────────────────────┤
│ More info           │ https://github.com/advisories/GHSA-52f5-9888-hmc6      │
└─────────────────────┴────────────────────────────────────────────────────────┘
┌─────────────────────┬────────────────────────────────────────────────────────┐
│ low                 │ webpack buildHttp: allowedUris allow-list bypass via   │
│                     │ URL userinfo (@) leading to build-time SSRF behavior   │
├─────────────────────┼────────────────────────────────────────────────────────┤
│ Package             │ webpack                                                │
├─────────────────────┼────────────────────────────────────────────────────────┤
│ Vulnerable versions │ >=5.49.0 <=5.104.0                                     │
├─────────────────────┼────────────────────────────────────────────────────────┤
│ Patched versions    │ >=5.104.1                                              │
├─────────────────────┼────────────────────────────────────────────────────────┤
│ Paths               │ .>@nestjs/cli>webpack                                  │
├─────────────────────┼────────────────────────────────────────────────────────┤
│ More info           │ https://github.com/advisories/GHSA-8fgc-7cc6-rx7x      │
└─────────────────────┴────────────────────────────────────────────────────────┘
┌─────────────────────┬────────────────────────────────────────────────────────┐
│ low                 │ webpack buildHttp HttpUriPlugin allowedUris bypass via │
│                     │ HTTP redirects → SSRF + cache persistence              │
├─────────────────────┼────────────────────────────────────────────────────────┤
│ Package             │ webpack                                                │
├─────────────────────┼────────────────────────────────────────────────────────┤
│ Vulnerable versions │ >=5.49.0 <5.104.0                                      │
├─────────────────────┼────────────────────────────────────────────────────────┤
│ Patched versions    │ >=5.104.0                                              │
├─────────────────────┼────────────────────────────────────────────────────────┤
│ Paths               │ .>@nestjs/cli>webpack                                  │
├─────────────────────┼────────────────────────────────────────────────────────┤
│ More info           │ https://github.com/advisories/GHSA-38r7-794h-5758      │
└─────────────────────┴────────────────────────────────────────────────────────┘
┌─────────────────────┬────────────────────────────────────────────────────────┐
│ low                 │ qs's arrayLimit bypass in comma parsing allows denial  │
│                     │ of service                                             │
├─────────────────────┼────────────────────────────────────────────────────────┤
│ Package             │ qs                                                     │
├─────────────────────┼────────────────────────────────────────────────────────┤
│ Vulnerable versions │ >=6.7.0 <=6.14.1                                       │
├─────────────────────┼────────────────────────────────────────────────────────┤
│ Patched versions    │ >=6.14.2                                               │
├─────────────────────┼────────────────────────────────────────────────────────┤
│ Paths               │ .>supertest>superagent>qs                              │
├─────────────────────┼────────────────────────────────────────────────────────┤
│ More info           │ https://github.com/advisories/GHSA-w7fw-mjwx-w883      │
└─────────────────────┴────────────────────────────────────────────────────────┘
19 vulnerabilities found
Severity: 5 low | 5 moderate | 9 high
